// Jest Snapshot v1, https://goo.gl/fbAQLP

exports[`PublishActionButtons matches snapshot 1`] = `
<div>
  <div
    class="sc-bwzfXH hlaomC"
  >
    <button
      class="sc-bdVaJa gBmPlh"
      color="gray"
      data-testid="cancelPublish"
    >
      취소
    </button>
    <button
      class="sc-bdVaJa dwcrM"
      color="teal"
      data-testid="publish"
    >
      출간하기
    </button>
  </div>
</div>
`;
